<?xml version="1.0" encoding="utf-8"?><testsuites><testsuite errors="0" failures="0" hostname="LAPTOP-JKOKEEIP" name="pytest" skipped="0" tests="6" time="25.293" timestamp="2020-02-13T18:12:20.616950"><testcase classname="test.test_add_group" file="test\test_add_group.py" line="5" name="test_add_group[None:;;]" time="10.845"></testcase><testcase classname="test.test_add_group" file="test\test_add_group.py" line="5" name="test_add_group[None:nameQIaIAw;header+&gt;jd&gt;|)4D_J# 496;footer;R2&gt;mb / N8) G:]" time="2.772"></testcase><testcase classname="test.test_add_group" file="test\test_add_group.py" line="5" name="test_add_group[None:nameE^W;headerE)]KW&quot;: Ywr8;footerfi(qS K]" time="2.467"></testcase><testcase classname="test.test_add_group" file="test\test_add_group.py" line="5" name="test_add_group[None:name&gt;6rYq$;header&lt;KSh}$2}5j;footerSQ2_ Y#kcff0|7Z@[?]" time="2.619"></testcase><testcase classname="test.test_add_group" file="test\test_add_group.py" line="5" name="test_add_group[None:name:8];header1 e|!7P  ;footer-n[BK.(0(NYN]" time="2.715"></testcase><testcase classname="test.test_add_group" file="test\test_add_group.py" line="5" name="test_add_group[None:nameAU Y&amp;KZ;headera7V=;S*wj= ?h;footerYm+sq@Z09 f EuROD0K]" time="3.774"></testcase></testsuite></testsuites>